  0409-2.c
C:\Users\user\Desktop\미모3기 용예찬\20250409-2\20250409-2\0409-2.c(8,12): warning C4477: 'printf' : 서식 문자열 '%d'에 'int' 형식의 인수가 필요하지만 variadic 인수 1의 형식이 'size_t'입니다.
      C:\Users\user\Desktop\미모3기 용예찬\20250409-2\20250409-2\0409-2.c(8,12):
      서식 문자열에서 '%zd'을(를) 사용하는 것이 좋습니다.
  
C:\Users\user\Desktop\미모3기 용예찬\20250409-2\20250409-2\0409-2.c(8,12): warning C4477: 'printf' : 서식 문자열 '%d'에 'int' 형식의 인수가 필요하지만 variadic 인수 2의 형식이 'size_t'입니다.
      C:\Users\user\Desktop\미모3기 용예찬\20250409-2\20250409-2\0409-2.c(8,12):
      서식 문자열에서 '%zd'을(를) 사용하는 것이 좋습니다.
  
C:\Users\user\Desktop\미모3기 용예찬\20250409-2\20250409-2\0409-2.c(9,12): warning C4477: 'printf' : 서식 문자열 '%d'에 'int' 형식의 인수가 필요하지만 variadic 인수 1의 형식이 'size_t'입니다.
      C:\Users\user\Desktop\미모3기 용예찬\20250409-2\20250409-2\0409-2.c(9,12):
      서식 문자열에서 '%zd'을(를) 사용하는 것이 좋습니다.
  
C:\Users\user\Desktop\미모3기 용예찬\20250409-2\20250409-2\0409-2.c(9,12): warning C4477: 'printf' : 서식 문자열 '%d'에 'int' 형식의 인수가 필요하지만 variadic 인수 2의 형식이 'size_t'입니다.
      C:\Users\user\Desktop\미모3기 용예찬\20250409-2\20250409-2\0409-2.c(9,12):
      서식 문자열에서 '%zd'을(를) 사용하는 것이 좋습니다.
  
C:\Users\user\Desktop\미모3기 용예찬\20250409-2\20250409-2\0409-2.c(10,12): warning C4477: 'printf' : 서식 문자열 '%d'에 'int' 형식의 인수가 필요하지만 variadic 인수 1의 형식이 'size_t'입니다.
      C:\Users\user\Desktop\미모3기 용예찬\20250409-2\20250409-2\0409-2.c(10,12):
      서식 문자열에서 '%zd'을(를) 사용하는 것이 좋습니다.
  
C:\Users\user\Desktop\미모3기 용예찬\20250409-2\20250409-2\0409-2.c(11,12): warning C4477: 'printf' : 서식 문자열 '%d'에 'int' 형식의 인수가 필요하지만 variadic 인수 1의 형식이 'size_t'입니다.
      C:\Users\user\Desktop\미모3기 용예찬\20250409-2\20250409-2\0409-2.c(11,12):
      서식 문자열에서 '%zd'을(를) 사용하는 것이 좋습니다.
  
C:\Users\user\Desktop\미모3기 용예찬\20250409-2\20250409-2\0409-2.c(15,12): warning C4477: 'printf' : 서식 문자열 '%d'에 'int' 형식의 인수가 필요하지만 variadic 인수 1의 형식이 'size_t'입니다.
      C:\Users\user\Desktop\미모3기 용예찬\20250409-2\20250409-2\0409-2.c(15,12):
      서식 문자열에서 '%zd'을(를) 사용하는 것이 좋습니다.
  
C:\Users\user\Desktop\미모3기 용예찬\20250409-2\20250409-2\0409-2.c(15,12): warning C4477: 'printf' : 서식 문자열 '%d'에 'int' 형식의 인수가 필요하지만 variadic 인수 2의 형식이 'size_t'입니다.
      C:\Users\user\Desktop\미모3기 용예찬\20250409-2\20250409-2\0409-2.c(15,12):
      서식 문자열에서 '%zd'을(를) 사용하는 것이 좋습니다.
  
  20250409-2.vcxproj -> C:\Users\user\Desktop\미모3기 용예찬\20250409-2\x64\Debug\20250409-2.exe
