  0409-1.cpp
C:\Users\user\Desktop\미모3기 용예찬\20250409-1\20250409-1\0409-1.cpp(8,9): warning C4477: 'printf' : 서식 문자열 '%d'에 'int' 형식의 인수가 필요하지만 variadic 인수 1의 형식이 'size_t'입니다.
      C:\Users\user\Desktop\미모3기 용예찬\20250409-1\20250409-1\0409-1.cpp(8,9):
      서식 문자열에서 '%zd'을(를) 사용하는 것이 좋습니다.
  
C:\Users\user\Desktop\미모3기 용예찬\20250409-1\20250409-1\0409-1.cpp(9,9): warning C4477: 'printf' : 서식 문자열 '%d'에 'int' 형식의 인수가 필요하지만 variadic 인수 1의 형식이 'size_t'입니다.
      C:\Users\user\Desktop\미모3기 용예찬\20250409-1\20250409-1\0409-1.cpp(9,9):
      서식 문자열에서 '%zd'을(를) 사용하는 것이 좋습니다.
  
C:\Users\user\Desktop\미모3기 용예찬\20250409-1\20250409-1\0409-1.cpp(10,9): warning C4477: 'printf' : 서식 문자열 '%d'에 'int' 형식의 인수가 필요하지만 variadic 인수 1의 형식이 'size_t'입니다.
      C:\Users\user\Desktop\미모3기 용예찬\20250409-1\20250409-1\0409-1.cpp(10,9):
      서식 문자열에서 '%zd'을(를) 사용하는 것이 좋습니다.
  
C:\Users\user\Desktop\미모3기 용예찬\20250409-1\20250409-1\0409-1.cpp(12,9): warning C4477: 'printf' : 서식 문자열 '%d'에 'int' 형식의 인수가 필요하지만 variadic 인수 1의 형식이 'size_t'입니다.
      C:\Users\user\Desktop\미모3기 용예찬\20250409-1\20250409-1\0409-1.cpp(12,9):
      서식 문자열에서 '%zd'을(를) 사용하는 것이 좋습니다.
  
C:\Users\user\Desktop\미모3기 용예찬\20250409-1\20250409-1\0409-1.cpp(13,9): warning C4477: 'printf' : 서식 문자열 '%d'에 'int' 형식의 인수가 필요하지만 variadic 인수 1의 형식이 'size_t'입니다.
      C:\Users\user\Desktop\미모3기 용예찬\20250409-1\20250409-1\0409-1.cpp(13,9):
      서식 문자열에서 '%zd'을(를) 사용하는 것이 좋습니다.
  
C:\Users\user\Desktop\미모3기 용예찬\20250409-1\20250409-1\0409-1.cpp(14,9): warning C4477: 'printf' : 서식 문자열 '%d'에 'int' 형식의 인수가 필요하지만 variadic 인수 1의 형식이 'size_t'입니다.
      C:\Users\user\Desktop\미모3기 용예찬\20250409-1\20250409-1\0409-1.cpp(14,9):
      서식 문자열에서 '%zd'을(를) 사용하는 것이 좋습니다.
  
C:\Users\user\Desktop\미모3기 용예찬\20250409-1\20250409-1\0409-1.cpp(15,9): warning C4477: 'printf' : 서식 문자열 '%d'에 'int' 형식의 인수가 필요하지만 variadic 인수 1의 형식이 'size_t'입니다.
      C:\Users\user\Desktop\미모3기 용예찬\20250409-1\20250409-1\0409-1.cpp(15,9):
      서식 문자열에서 '%zd'을(를) 사용하는 것이 좋습니다.
  
C:\Users\user\Desktop\미모3기 용예찬\20250409-1\20250409-1\0409-1.cpp(16,9): warning C4477: 'printf' : 서식 문자열 '%d'에 'int' 형식의 인수가 필요하지만 variadic 인수 1의 형식이 'size_t'입니다.
      C:\Users\user\Desktop\미모3기 용예찬\20250409-1\20250409-1\0409-1.cpp(16,9):
      서식 문자열에서 '%zd'을(를) 사용하는 것이 좋습니다.
  
C:\Users\user\Desktop\미모3기 용예찬\20250409-1\20250409-1\0409-1.cpp(17,9): warning C4477: 'printf' : 서식 문자열 '%d'에 'int' 형식의 인수가 필요하지만 variadic 인수 1의 형식이 'size_t'입니다.
      C:\Users\user\Desktop\미모3기 용예찬\20250409-1\20250409-1\0409-1.cpp(17,9):
      서식 문자열에서 '%zd'을(를) 사용하는 것이 좋습니다.
  
  20250409-1.vcxproj -> C:\Users\user\Desktop\미모3기 용예찬\20250409-1\x64\Debug\20250409-1.exe
